
> build
> vite build

[36mvite v7.3.1 [32mbuilding client environment for production...[36m[39m
transforming...
[32m✓[39m 2843 modules transformed.
[31m✗[39m Build failed in 15.61s
[31merror during build:
[31mresources/js/pages/welcome.tsx (2:9): "register" is not exported by "resources/js/routes/index.ts", imported by "resources/js/pages/welcome.tsx".[31m
file: [36mC:/xampp1/htdocs/onehinobaan/resources/js/pages/welcome.tsx:2:9[31m
[33m
1: import { Head, Link, usePage } from '@inertiajs/react';
2: import { register } from '@/routes';
            ^
3: import type { SharedData } from '@/types';
[31m
    at getRollupError (file:///C:/xampp1/htdocs/onehinobaan/node_modules/rollup/dist/es/shared/parseAst.js:402:41)
    at error (file:///C:/xampp1/htdocs/onehinobaan/node_modules/rollup/dist/es/shared/parseAst.js:398:42)
    at Module.error (file:///C:/xampp1/htdocs/onehinobaan/node_modules/rollup/dist/es/shared/node-entry.js:17040:16)
    at Module.traceVariable (file:///C:/xampp1/htdocs/onehinobaan/node_modules/rollup/dist/es/shared/node-entry.js:17452:29)
    at ModuleScope.findVariable (file:///C:/xampp1/htdocs/onehinobaan/node_modules/rollup/dist/es/shared/node-entry.js:15070:39)
    at FunctionScope.findVariable (file:///C:/xampp1/htdocs/onehinobaan/node_modules/rollup/dist/es/shared/node-entry.js:5673:38)
    at FunctionBodyScope.findVariable (file:///C:/xampp1/htdocs/onehinobaan/node_modules/rollup/dist/es/shared/node-entry.js:5673:38)
    at TrackingScope.findVariable (file:///C:/xampp1/htdocs/onehinobaan/node_modules/rollup/dist/es/shared/node-entry.js:5673:38)
    at BlockScope.findVariable (file:///C:/xampp1/htdocs/onehinobaan/node_modules/rollup/dist/es/shared/node-entry.js:5673:38)
    at Identifier.bind (file:///C:/xampp1/htdocs/onehinobaan/node_modules/rollup/dist/es/shared/node-entry.js:5447:40)
    at CallExpression.bind (file:///C:/xampp1/htdocs/onehinobaan/node_modules/rollup/dist/es/shared/node-entry.js:2829:23)
    at CallExpression.bind (file:///C:/xampp1/htdocs/onehinobaan/node_modules/rollup/dist/es/shared/node-entry.js:12179:15)
    at Property.bind (file:///C:/xampp1/htdocs/onehinobaan/node_modules/rollup/dist/es/shared/node-entry.js:2829:23)
    at ObjectExpression.bind (file:///C:/xampp1/htdocs/onehinobaan/node_modules/rollup/dist/es/shared/node-entry.js:2825:28)
    at CallExpression.bind (file:///C:/xampp1/htdocs/onehinobaan/node_modules/rollup/dist/es/shared/node-entry.js:2825:28)
    at CallExpression.bind (file:///C:/xampp1/htdocs/onehinobaan/node_modules/rollup/dist/es/shared/node-entry.js:12179:15)
    at LogicalExpression.bind (file:///C:/xampp1/htdocs/onehinobaan/node_modules/rollup/dist/es/shared/node-entry.js:2829:23)
    at ConditionalExpression.bind (file:///C:/xampp1/htdocs/onehinobaan/node_modules/rollup/dist/es/shared/node-entry.js:2829:23)
    at AssignmentExpression.bind (file:///C:/xampp1/htdocs/onehinobaan/node_modules/rollup/dist/es/shared/node-entry.js:2829:23)
    at ExpressionStatement.bind (file:///C:/xampp1/htdocs/onehinobaan/node_modules/rollup/dist/es/shared/node-entry.js:2829:23)
    at BlockStatement.bind (file:///C:/xampp1/htdocs/onehinobaan/node_modules/rollup/dist/es/shared/node-entry.js:2825:28)
    at IfStatement.bind (file:///C:/xampp1/htdocs/onehinobaan/node_modules/rollup/dist/es/shared/node-entry.js:2829:23)
    at BlockStatement.bind (file:///C:/xampp1/htdocs/onehinobaan/node_modules/rollup/dist/es/shared/node-entry.js:2825:28)
    at FunctionDeclaration.bind (file:///C:/xampp1/htdocs/onehinobaan/node_modules/rollup/dist/es/shared/node-entry.js:2829:23)
    at ExportDefaultDeclaration.bind (file:///C:/xampp1/htdocs/onehinobaan/node_modules/rollup/dist/es/shared/node-entry.js:2829:23)
    at ExportDefaultDeclaration.bind (file:///C:/xampp1/htdocs/onehinobaan/node_modules/rollup/dist/es/shared/node-entry.js:6939:15)
    at Program.bind (file:///C:/xampp1/htdocs/onehinobaan/node_modules/rollup/dist/es/shared/node-entry.js:2825:28)
    at Module.bindReferences (file:///C:/xampp1/htdocs/onehinobaan/node_modules/rollup/dist/es/shared/node-entry.js:17019:18)
    at Graph.sortAndBindModules (file:///C:/xampp1/htdocs/onehinobaan/node_modules/rollup/dist/es/shared/node-entry.js:22843:20)
    at Graph.build (file:///C:/xampp1/htdocs/onehinobaan/node_modules/rollup/dist/es/shared/node-entry.js:22741:14)
    at async file:///C:/xampp1/htdocs/onehinobaan/node_modules/rollup/dist/es/shared/node-entry.js:23432:13
    at async catchUnfinishedHookActions (file:///C:/xampp1/htdocs/onehinobaan/node_modules/rollup/dist/es/shared/node-entry.js:22902:16)
    at async rollupInternal (file:///C:/xampp1/htdocs/onehinobaan/node_modules/rollup/dist/es/shared/node-entry.js:23427:5)
    at async buildEnvironment (file:///C:/xampp1/htdocs/onehinobaan/node_modules/vite/dist/node/chunks/config.js:33541:12)
    at async Object.build (file:///C:/xampp1/htdocs/onehinobaan/node_modules/vite/dist/node/chunks/config.js:33900:19)
    at async Object.buildApp (file:///C:/xampp1/htdocs/onehinobaan/node_modules/vite/dist/node/chunks/config.js:33897:153)
    at async CAC.<anonymous> (file:///C:/xampp1/htdocs/onehinobaan/node_modules/vite/dist/node/cli.js:629:3)[39m
